<?xml version='1.0' encoding='UTF-8'?>
<dataset>
    <!-- Aggregation (generated on the fly), Ajax Timed Survey 1.0 -->
    <review review_id="13" resource_id="11" submission_id="1" scorecard_id="2" committed="0" score="100.00"
            create_user="System" create_date="2006-07-29 02:45:11.0"
            modify_user="System" modify_date="2006-07-29 02:45:11.0"/><!-- Aggregator, Winning Submitter -->

    <!-- *** review_item_comment *** -->
    <!-- Ajax Timed Survey, Winning Submitter Aggregation, Comments collected from 1st Reviewer -->
    <review_item_comment resource_id="11" review_item_id="169" comment_type_id="6"
                         content="test_performaggregationtext01" sort="1" extra_info="Accepted"/>
    <review_item_comment resource_id="11" review_item_id="170" comment_type_id="6"
                         content="test_performaggregationtext01" sort="1" extra_info="Accepted"/>
    <review_item_comment resource_id="11" review_item_id="171" comment_type_id="6"
                         content="test_performaggregationtext01" sort="1" extra_info="Accepted"/>
    <review_item_comment resource_id="11" review_item_id="172" comment_type_id="6"
                         content="test_performaggregationtext01" sort="1" extra_info="Accepted"/>
    <review_item_comment resource_id="11" review_item_id="173" comment_type_id="6"
                         content="test_performaggregationtext01" sort="1" extra_info="Accepted"/>
    <review_item_comment resource_id="11" review_item_id="174" comment_type_id="6"
                         content="test_performaggregationtext01" sort="1" extra_info="Accepted"/>
    <review_item_comment resource_id="11" review_item_id="175" comment_type_id="6"
                         content="test_performaggregationtext01" sort="1" extra_info="Accepted"/>
    <review_item_comment resource_id="11" review_item_id="176" comment_type_id="6"
                         content="test_performaggregationtext01" sort="1" extra_info="Accepted"/>
    <review_item_comment resource_id="11" review_item_id="177" comment_type_id="6"
                         content="test_performaggregationtext01" sort="1" extra_info="Accepted"/>
    <review_item_comment resource_id="11" review_item_id="178" comment_type_id="6"
                         content="test_performaggregationtext01" sort="1" extra_info="Accepted"/>
    <review_item_comment resource_id="11" review_item_id="179" comment_type_id="6"
                         content="test_performaggregationtext01" sort="1" extra_info="Accepted"/>
    <review_item_comment resource_id="11" review_item_id="180" comment_type_id="6"
                         content="test_performaggregationtext01" sort="1" extra_info="Accepted"/>
    <review_item_comment resource_id="11" review_item_id="181" comment_type_id="6"
                         content="test_performaggregationtext01" sort="1" extra_info="Accepted"/>
    <review_item_comment resource_id="11" review_item_id="182" comment_type_id="6"
                         content="test_performaggregationtext01" sort="1" extra_info="Accepted"/>
    <!-- Ajax Timed Survey, Winning Submitter Aggregation, Comments collected from 2nd Reviewer -->
    <review_item_comment resource_id="11" review_item_id="169" comment_type_id="6"
                         content="test_performaggregationtext01" sort="2" extra_info="Accepted"/>
    <review_item_comment resource_id="11" review_item_id="170" comment_type_id="6"
                         content="test_performaggregationtext01" sort="2" extra_info="Accepted"/>
    <review_item_comment resource_id="11" review_item_id="171" comment_type_id="6"
                         content="test_performaggregationtext01" sort="2" extra_info="Accepted"/>
    <review_item_comment resource_id="11" review_item_id="172" comment_type_id="6"
                         content="test_performaggregationtext01" sort="2" extra_info="Accepted"/>
    <review_item_comment resource_id="11" review_item_id="173" comment_type_id="6"
                         content="test_performaggregationtext01" sort="2" extra_info="Accepted"/>
    <review_item_comment resource_id="11" review_item_id="174" comment_type_id="6"
                         content="test_performaggregationtext01" sort="2" extra_info="Accepted"/>
    <review_item_comment resource_id="11" review_item_id="175" comment_type_id="6"
                         content="test_performaggregationtext01" sort="2" extra_info="Accepted"/>
    <review_item_comment resource_id="11" review_item_id="176" comment_type_id="6"
                         content="test_performaggregationtext01" sort="2" extra_info="Accepted"/>
    <review_item_comment resource_id="11" review_item_id="177" comment_type_id="6"
                         content="test_performaggregationtext01" sort="2" extra_info="Accepted"/>
    <review_item_comment resource_id="11" review_item_id="178" comment_type_id="6"
                         content="test_performaggregationtext01" sort="2" extra_info="Accepted"/>
    <review_item_comment resource_id="11" review_item_id="179" comment_type_id="6"
                         content="test_performaggregationtext01" sort="2" extra_info="Accepted"/>
    <review_item_comment resource_id="11" review_item_id="180" comment_type_id="6"
                         content="test_performaggregationtext01" sort="2" extra_info="Accepted"/>
    <review_item_comment resource_id="11" review_item_id="181" comment_type_id="6"
                         content="test_performaggregationtext01" sort="2" extra_info="Accepted"/>
    <review_item_comment resource_id="11" review_item_id="182" comment_type_id="6"
                         content="test_performaggregationtext01" sort="2" extra_info="Accepted"/>
    <!-- Ajax Timed Survey, Winning Submitter Review Aggregation, Comments collected from 3rd Reviewer -->
    <review_item_comment resource_id="11" review_item_id="169" comment_type_id="6"
                         content="test_performaggregationtext01" sort="3" extra_info="Accepted"/>
    <review_item_comment resource_id="11" review_item_id="170" comment_type_id="6"
                         content="test_performaggregationtext01" sort="3" extra_info="Accepted"/>
    <review_item_comment resource_id="11" review_item_id="171" comment_type_id="6"
                         content="test_performaggregationtext01" sort="3" extra_info="Accepted"/>
    <review_item_comment resource_id="11" review_item_id="172" comment_type_id="6"
                         content="test_performaggregationtext01" sort="3" extra_info="Accepted"/>
    <review_item_comment resource_id="11" review_item_id="173" comment_type_id="6"
                         content="test_performaggregationtext01" sort="3" extra_info="Accepted"/>
    <review_item_comment resource_id="11" review_item_id="174" comment_type_id="6"
                         content="test_performaggregationtext01" sort="3" extra_info="Accepted"/>
    <review_item_comment resource_id="11" review_item_id="175" comment_type_id="6"
                         content="test_performaggregationtext01" sort="3" extra_info="Accepted"/>
    <review_item_comment resource_id="11" review_item_id="176" comment_type_id="6"
                         content="test_performaggregationtext01" sort="3" extra_info="Accepted"/>
    <review_item_comment resource_id="11" review_item_id="177" comment_type_id="6"
                         content="test_performaggregationtext01" sort="3" extra_info="Accepted"/>
    <review_item_comment resource_id="11" review_item_id="178" comment_type_id="6"
                         content="test_performaggregationtext01" sort="3" extra_info="Accepted"/>
    <review_item_comment resource_id="11" review_item_id="179" comment_type_id="6"
                         content="test_performaggregationtext01" sort="3" extra_info="Accepted"/>
    <review_item_comment resource_id="11" review_item_id="180" comment_type_id="6"
                         content="test_performaggregationtext01" sort="3" extra_info="Accepted"/>
    <review_item_comment resource_id="11" review_item_id="181" comment_type_id="6"
                         content="test_performaggregationtext01" sort="3" extra_info="Accepted"/>
    <review_item_comment resource_id="11" review_item_id="182" comment_type_id="6"
                         content="test_performaggregationtext01" sort="3" extra_info="Accepted"/>
</dataset>
