<?xml version='1.0' encoding='UTF-8'?>
<dataset>
    <!-- *** review_item_comment *** -->
    <!-- Ajax Timed Survey, 1st Place Submitter Appeal, 1st Reviewer Response - No Appeals - No Response -->
    <!-- Ajax Timed Survey, 1st Place Submitter Appeal, 2nd Reviewer Response - No Appeals - No Response -->
    <!-- Ajax Timed Survey, 1st Place Submitter Appeal, 3rd Reviewer Response - No Appeals - No Response -->
    <!-- Ajax Timed Survey, 2nd Place Submitter Appeal, 1st Reviewer Responses -->
    <review_item_comment review_item_comment_id="199" resource_id="8" review_item_id="57" comment_type_id="5"
                         content="test_editappealresponsetext01" sort="1" extra_info="3"
                         create_user="System" create_date="2006-07-29 02:45:11.0"
                         modify_user="System" modify_date="2006-07-29 02:45:11.0"/>
    <review_item_comment review_item_comment_id="200" resource_id="8" review_item_id="59" comment_type_id="5"
                         content="test_editappealresponsetext01" sort="2" extra_info="3"
                         create_user="System" create_date="2006-07-29 02:45:11.0"
                         modify_user="System" modify_date="2006-07-29 02:45:11.0"/>
    <review_item_comment review_item_comment_id="201" resource_id="8" review_item_id="61" comment_type_id="5"
                         content="test_editappealresponsetext01" sort="3" extra_info="3"
                         create_user="System" create_date="2006-07-29 02:45:11.0"
                         modify_user="System" modify_date="2006-07-29 02:45:11.0"/>
    <review_item_comment review_item_comment_id="202" resource_id="8" review_item_id="63" comment_type_id="5"
                         content="test_editappealresponsetext01" sort="4" extra_info="3"
                         create_user="System" create_date="2006-07-29 02:45:11.0"
                         modify_user="System" modify_date="2006-07-29 02:45:11.0"/>
    <review_item_comment review_item_comment_id="203" resource_id="8" review_item_id="65" comment_type_id="5"
                         content="test_editappealresponsetext01" sort="5" extra_info="3"
                         create_user="System" create_date="2006-07-29 02:45:11.0"
                         modify_user="System" modify_date="2006-07-29 02:45:11.0"/>
    <review_item_comment review_item_comment_id="204" resource_id="8" review_item_id="67" comment_type_id="5"
                         content="test_editappealresponsetext01" sort="6" extra_info="3"
                         create_user="System" create_date="2006-07-29 02:45:11.0"
                         modify_user="System" modify_date="2006-07-29 02:45:11.0"/>
    <review_item_comment review_item_comment_id="205" resource_id="8" review_item_id="69" comment_type_id="5"
                         content="test_editappealresponsetext01" sort="7" extra_info="3"
                         create_user="System" create_date="2006-07-29 02:45:11.0"
                         modify_user="System" modify_date="2006-07-29 02:45:11.0"/>
    <!-- Ajax Timed Survey, 2nd Place Submitter Appeal, 2nd Reviewer Responses -->
    <review_item_comment review_item_comment_id="206" resource_id="9" review_item_id="100" comment_type_id="5"
                         content="test_editappealresponsetext01" sort="1" extra_info="3"
                         create_user="System" create_date="2006-07-29 02:45:11.0"
                         modify_user="System" modify_date="2006-07-29 02:45:11.0"/>
    <review_item_comment review_item_comment_id="207" resource_id="9" review_item_id="102" comment_type_id="5"
                         content="test_editappealresponsetext01" sort="2" extra_info="3"
                         create_user="System" create_date="2006-07-29 02:45:11.0"
                         modify_user="System" modify_date="2006-07-29 02:45:11.0"/>
    <review_item_comment review_item_comment_id="208" resource_id="9" review_item_id="104" comment_type_id="5"
                         content="test_editappealresponsetext01" sort="3" extra_info="3"
                         create_user="System" create_date="2006-07-29 02:45:11.0"
                         modify_user="System" modify_date="2006-07-29 02:45:11.0"/>
    <review_item_comment review_item_comment_id="209" resource_id="9" review_item_id="106" comment_type_id="5"
                         content="test_editappealresponsetext01" sort="4" extra_info="3"
                         create_user="System" create_date="2006-07-29 02:45:11.0"
                         modify_user="System" modify_date="2006-07-29 02:45:11.0"/>
    <review_item_comment review_item_comment_id="210" resource_id="9" review_item_id="108" comment_type_id="5"
                         content="test_editappealresponsetext01" sort="5" extra_info="3"
                         create_user="System" create_date="2006-07-29 02:45:11.0"
                         modify_user="System" modify_date="2006-07-29 02:45:11.0"/>
    <review_item_comment review_item_comment_id="211" resource_id="9" review_item_id="110" comment_type_id="5"
                         content="test_editappealresponsetext01" sort="6" extra_info="3"
                         create_user="System" create_date="2006-07-29 02:45:11.0"
                         modify_user="System" modify_date="2006-07-29 02:45:11.0"/>
    <review_item_comment review_item_comment_id="212" resource_id="9" review_item_id="112" comment_type_id="5"
                         content="test_editappealresponsetext01" sort="7" extra_info="3"
                         create_user="System" create_date="2006-07-29 02:45:11.0"
                         modify_user="System" modify_date="2006-07-29 02:45:11.0"/>
    <!-- Ajax Timed Survey, 2nd Place Submitter Appeal, 3rd Reviewer Responses -->
    <review_item_comment review_item_comment_id="213" resource_id="10" review_item_id="154" comment_type_id="5"
                         content="test_editappealresponsetext01" sort="1" extra_info="3"
                         create_user="System" create_date="2006-07-29 02:45:11.0"
                         modify_user="System" modify_date="2006-07-29 02:45:11.0"/>
    <!-- Ajax Timed Survey, 3rd Place Submitter Appeal, 1st Reviewer Responses -->
    <review_item_comment review_item_comment_id="214" resource_id="8" review_item_id="71" comment_type_id="5"
                         content="test_editappealresponsetext01" sort="1" extra_info="2"
                         create_user="System" create_date="2006-07-29 02:45:11.0"
                         modify_user="System" modify_date="2006-07-29 02:45:11.0"/>
    <review_item_comment review_item_comment_id="215" resource_id="8" review_item_id="73" comment_type_id="5"
                         content="test_editappealresponsetext01" sort="2" extra_info="2"
                         create_user="System" create_date="2006-07-29 02:45:11.0"
                         modify_user="System" modify_date="2006-07-29 02:45:11.0"/>
    <review_item_comment review_item_comment_id="216" resource_id="8" review_item_id="75" comment_type_id="5"
                         content="test_editappealresponsetext01" sort="3" extra_info="2"
                         create_user="System" create_date="2006-07-29 02:45:11.0"
                         modify_user="System" modify_date="2006-07-29 02:45:11.0"/>
    <review_item_comment review_item_comment_id="217" resource_id="8" review_item_id="77" comment_type_id="5"
                         content="test_editappealresponsetext01" sort="4" extra_info="2"
                         create_user="System" create_date="2006-07-29 02:45:11.0"
                         modify_user="System" modify_date="2006-07-29 02:45:11.0"/>
    <review_item_comment review_item_comment_id="218" resource_id="8" review_item_id="79" comment_type_id="5"
                         content="test_editappealresponsetext01" sort="5" extra_info="2"
                         create_user="System" create_date="2006-07-29 02:45:11.0"
                         modify_user="System" modify_date="2006-07-29 02:45:11.0"/>
    <review_item_comment review_item_comment_id="219" resource_id="8" review_item_id="81" comment_type_id="5"
                         content="test_editappealresponsetext01" sort="6" extra_info="2"
                         create_user="System" create_date="2006-07-29 02:45:11.0"
                         modify_user="System" modify_date="2006-07-29 02:45:11.0"/>
    <review_item_comment review_item_comment_id="220" resource_id="8" review_item_id="83" comment_type_id="5"
                         content="test_editappealresponsetext01" sort="7" extra_info="2"
                         create_user="System" create_date="2006-07-29 02:45:11.0"
                         modify_user="System" modify_date="2006-07-29 02:45:11.0"/>
    <!-- Ajax Timed Survey, 3rd Place Submitter Appeal, 2nd Reviewer Responses -->
    <review_item_comment review_item_comment_id="221" resource_id="9" review_item_id="114" comment_type_id="5"
                         content="test_editappealresponsetext01" sort="1" extra_info="2"
                         create_user="System" create_date="2006-07-29 02:45:11.0"
                         modify_user="System" modify_date="2006-07-29 02:45:11.0"/>
    <review_item_comment review_item_comment_id="222" resource_id="9" review_item_id="116" comment_type_id="5"
                         content="test_editappealresponsetext01" sort="2" extra_info="2"
                         create_user="System" create_date="2006-07-29 02:45:11.0"
                         modify_user="System" modify_date="2006-07-29 02:45:11.0"/>
    <review_item_comment review_item_comment_id="223" resource_id="9" review_item_id="118" comment_type_id="5"
                         content="test_editappealresponsetext01" sort="3" extra_info="2"
                         create_user="System" create_date="2006-07-29 02:45:11.0"
                         modify_user="System" modify_date="2006-07-29 02:45:11.0"/>
    <review_item_comment review_item_comment_id="224" resource_id="9" review_item_id="120" comment_type_id="5"
                         content="test_editappealresponsetext01" sort="4" extra_info="2"
                         create_user="System" create_date="2006-07-29 02:45:11.0"
                         modify_user="System" modify_date="2006-07-29 02:45:11.0"/>
    <review_item_comment review_item_comment_id="225" resource_id="9" review_item_id="122" comment_type_id="5"
                         content="test_editappealresponsetext01" sort="5" extra_info="2"
                         create_user="System" create_date="2006-07-29 02:45:11.0"
                         modify_user="System" modify_date="2006-07-29 02:45:11.0"/>
    <review_item_comment review_item_comment_id="226" resource_id="9" review_item_id="124" comment_type_id="5"
                         content="test_editappealresponsetext01" sort="6" extra_info="2"
                         create_user="System" create_date="2006-07-29 02:45:11.0"
                         modify_user="System" modify_date="2006-07-29 02:45:11.0"/>
    <review_item_comment review_item_comment_id="227" resource_id="9" review_item_id="126" comment_type_id="5"
                         content="test_editappealresponsetext01" sort="7" extra_info="2"
                         create_user="System" create_date="2006-07-29 02:45:11.0"
                         modify_user="System" modify_date="2006-07-29 02:45:11.0"/>
    <!-- Ajax Timed Survey, 3rd Place Submitter Appeal, 3rd Reviewer Responses -->
    <review_item_comment review_item_comment_id="228" resource_id="10" review_item_id="168" comment_type_id="5"
                         content="test_editappealresponsetext01" sort="1" extra_info="2"
                         create_user="System" create_date="2006-07-29 02:45:11.0"
                         modify_user="System" modify_date="2006-07-29 02:45:11.0"/>
</dataset>
