<?xml version='1.0' encoding='UTF-8'?>
<dataset>

    <!-- *** review *** -->
    <!-- Aggregation (generated on the fly), Ajax Timed Survey 1.0 -->
    <review review_id="13" resource_id="11" submission_id="1" scorecard_id="2" committed="1"
            create_user="System" create_date="2006-07-29 02:45:11.0"
            modify_user="System" modify_date="2006-07-29 02:45:11.0"/><!-- Aggregation Review, Winning Submitter -->

    <!-- *** review_comment *** -->
    <!-- Overall Aggregation Review Comment from 2nd Reviewer, Accept Aggegation -->
    <review_comment review_comment_id="1" resource_id="6" review_id="13" comment_type_id="7"
                    content="Approved by 2nd Reviewer" extra_info="Approved" sort="1"
                    create_user="System" create_date="2006-07-29 02:45:11.0"
                    modify_user="System" modify_date="2006-07-29 02:45:11.0"/>
    <!-- Overall Aggregation Review Comment from 3rd Reviewer, Accept Aggegation -->
    <review_comment review_comment_id="2" resource_id="7" review_id="13" comment_type_id="7"
                    content="Approved by 3rd Reviewer" extra_info="Approved" sort="2"
                    create_user="System" create_date="2006-07-29 02:45:11.0"
                    modify_user="System" modify_date="2006-07-29 02:45:11.0"/>

    <!-- *** review_item_comment *** -->
    <!-- Ajax Timed Survey, Aggregation Review, Comments from 1st Reviewer Reviewed by 2nd and 3rd Reviewers -->
    <review_item_comment review_item_comment_id="271" resource_id="6" review_item_id="169" comment_type_id="7"
                         content="test_aggreationreviewtext01" sort="2" extra_info="Accept"/>
    <review_item_comment review_item_comment_id="272" resource_id="7" review_item_id="169" comment_type_id="7"
                         content="test_aggreationreviewtext01" sort="3" extra_info="Accept"/>
    <review_item_comment review_item_comment_id="273" resource_id="6" review_item_id="170" comment_type_id="7"
                         content="test_aggreationreviewtext01" sort="2" extra_info="Accept"/>
    <review_item_comment review_item_comment_id="274" resource_id="7" review_item_id="170" comment_type_id="7"
                         content="test_aggreationreviewtext01" sort="3" extra_info="Accept"/>
    <review_item_comment review_item_comment_id="275" resource_id="6" review_item_id="171" comment_type_id="7"
                         content="test_aggreationreviewtext01" sort="2" extra_info="Accept"/>
    <review_item_comment review_item_comment_id="276" resource_id="7" review_item_id="171" comment_type_id="7"
                         content="test_aggreationreviewtext01" sort="3" extra_info="Accept"/>
    <review_item_comment review_item_comment_id="277" resource_id="6" review_item_id="172" comment_type_id="7"
                         content="test_aggreationreviewtext01" sort="2" extra_info="Accept"/>
    <review_item_comment review_item_comment_id="278" resource_id="7" review_item_id="172" comment_type_id="7"
                         content="test_aggreationreviewtext01" sort="3" extra_info="Accept"/>
    <review_item_comment review_item_comment_id="279" resource_id="6" review_item_id="173" comment_type_id="7"
                         content="test_aggreationreviewtext01" sort="2" extra_info="Accept"/>
    <review_item_comment review_item_comment_id="280" resource_id="7" review_item_id="173" comment_type_id="7"
                         content="test_aggreationreviewtext01" sort="3" extra_info="Accept"/>
    <review_item_comment review_item_comment_id="281" resource_id="6" review_item_id="174" comment_type_id="7"
                         content="test_aggreationreviewtext01" sort="2" extra_info="Accept"/>
    <review_item_comment review_item_comment_id="282" resource_id="7" review_item_id="174" comment_type_id="7"
                         content="test_aggreationreviewtext01" sort="3" extra_info="Accept"/>
    <review_item_comment review_item_comment_id="283" resource_id="6" review_item_id="175" comment_type_id="7"
                         content="test_aggreationreviewtext01" sort="2" extra_info="Accept"/>
    <review_item_comment review_item_comment_id="284" resource_id="7" review_item_id="175" comment_type_id="7"
                         content="test_aggreationreviewtext01" sort="3" extra_info="Accept"/>
    <review_item_comment review_item_comment_id="285" resource_id="6" review_item_id="176" comment_type_id="7"
                         content="test_aggreationreviewtext01" sort="2" extra_info="Accept"/>
    <review_item_comment review_item_comment_id="286" resource_id="7" review_item_id="176" comment_type_id="7"
                         content="test_aggreationreviewtext01" sort="3" extra_info="Accept"/>
    <review_item_comment review_item_comment_id="287" resource_id="6" review_item_id="177" comment_type_id="7"
                         content="test_aggreationreviewtext01" sort="2" extra_info="Accept"/>
    <review_item_comment review_item_comment_id="288" resource_id="7" review_item_id="177" comment_type_id="7"
                         content="test_aggreationreviewtext01" sort="3" extra_info="Accept"/>
    <review_item_comment review_item_comment_id="289" resource_id="6" review_item_id="178" comment_type_id="7"
                         content="test_aggreationreviewtext01" sort="2" extra_info="Accept"/>
    <review_item_comment review_item_comment_id="290" resource_id="7" review_item_id="178" comment_type_id="7"
                         content="test_aggreationreviewtext01" sort="3" extra_info="Accept"/>
    <review_item_comment review_item_comment_id="291" resource_id="6" review_item_id="179" comment_type_id="7"
                         content="test_aggreationreviewtext01" sort="2" extra_info="Accept"/>
    <review_item_comment review_item_comment_id="292" resource_id="7" review_item_id="179" comment_type_id="7"
                         content="test_aggreationreviewtext01" sort="3" extra_info="Accept"/>
    <review_item_comment review_item_comment_id="293" resource_id="6" review_item_id="180" comment_type_id="7"
                         content="test_aggreationreviewtext01" sort="2" extra_info="Accept"/>
    <review_item_comment review_item_comment_id="294" resource_id="7" review_item_id="180" comment_type_id="7"
                         content="test_aggreationreviewtext01" sort="3" extra_info="Accept"/>
    <review_item_comment review_item_comment_id="295" resource_id="6" review_item_id="181" comment_type_id="7"
                         content="test_aggreationreviewtext01" sort="2" extra_info="Accept"/>
    <review_item_comment review_item_comment_id="296" resource_id="7" review_item_id="181" comment_type_id="7"
                         content="test_aggreationreviewtext01" sort="3" extra_info="Accept"/>
    <review_item_comment review_item_comment_id="297" resource_id="6" review_item_id="182" comment_type_id="7"
                         content="test_aggreationreviewtext01" sort="2" extra_info="Accept"/>
    <review_item_comment review_item_comment_id="298" resource_id="7" review_item_id="182" comment_type_id="7"
                         content="test_aggreationreviewtext01" sort="3" extra_info="Accept"/>
    <!-- Ajax Timed Survey, Aggregation Review, Comments from 2nd Reviewer Reviewed by 2nd and 3rd Reviewers -->
    <review_item_comment review_item_comment_id="299" resource_id="6" review_item_id="169" comment_type_id="7"
                         content="test_aggreationreviewtext01" sort="5" extra_info="Accept"/>
    <review_item_comment review_item_comment_id="300" resource_id="7" review_item_id="169" comment_type_id="7"
                         content="test_aggreationreviewtext01" sort="6" extra_info="Accept"/>
    <review_item_comment review_item_comment_id="301" resource_id="6" review_item_id="170" comment_type_id="7"
                         content="test_aggreationreviewtext01" sort="5" extra_info="Accept"/>
    <review_item_comment review_item_comment_id="302" resource_id="7" review_item_id="170" comment_type_id="7"
                         content="test_aggreationreviewtext01" sort="6" extra_info="Accept"/>
    <review_item_comment review_item_comment_id="303" resource_id="6" review_item_id="171" comment_type_id="7"
                         content="test_aggreationreviewtext01" sort="5" extra_info="Accept"/>
    <review_item_comment review_item_comment_id="304" resource_id="7" review_item_id="171" comment_type_id="7"
                         content="test_aggreationreviewtext01" sort="6" extra_info="Accept"/>
    <review_item_comment review_item_comment_id="305" resource_id="6" review_item_id="172" comment_type_id="7"
                         content="test_aggreationreviewtext01" sort="5" extra_info="Accept"/>
    <review_item_comment review_item_comment_id="306" resource_id="7" review_item_id="172" comment_type_id="7"
                         content="test_aggreationreviewtext01" sort="6" extra_info="Accept"/>
    <review_item_comment review_item_comment_id="307" resource_id="6" review_item_id="173" comment_type_id="7"
                         content="test_aggreationreviewtext01" sort="5" extra_info="Accept"/>
    <review_item_comment review_item_comment_id="308" resource_id="7" review_item_id="173" comment_type_id="7"
                         content="test_aggreationreviewtext01" sort="6" extra_info="Accept"/>
    <review_item_comment review_item_comment_id="309" resource_id="6" review_item_id="174" comment_type_id="7"
                         content="test_aggreationreviewtext01" sort="5" extra_info="Accept"/>
    <review_item_comment review_item_comment_id="310" resource_id="7" review_item_id="174" comment_type_id="7"
                         content="test_aggreationreviewtext01" sort="6" extra_info="Accept"/>
    <review_item_comment review_item_comment_id="311" resource_id="6" review_item_id="175" comment_type_id="7"
                         content="test_aggreationreviewtext01" sort="5" extra_info="Accept"/>
    <review_item_comment review_item_comment_id="312" resource_id="7" review_item_id="175" comment_type_id="7"
                         content="test_aggreationreviewtext01" sort="6" extra_info="Accept"/>
    <review_item_comment review_item_comment_id="313" resource_id="6" review_item_id="176" comment_type_id="7"
                         content="test_aggreationreviewtext01" sort="5" extra_info="Accept"/>
    <review_item_comment review_item_comment_id="314" resource_id="7" review_item_id="176" comment_type_id="7"
                         content="test_aggreationreviewtext01" sort="6" extra_info="Accept"/>
    <review_item_comment review_item_comment_id="315" resource_id="6" review_item_id="177" comment_type_id="7"
                         content="test_aggreationreviewtext01" sort="5" extra_info="Accept"/>
    <review_item_comment review_item_comment_id="316" resource_id="7" review_item_id="177" comment_type_id="7"
                         content="test_aggreationreviewtext01" sort="6" extra_info="Accept"/>
    <review_item_comment review_item_comment_id="317" resource_id="6" review_item_id="178" comment_type_id="7"
                         content="test_aggreationreviewtext01" sort="5" extra_info="Accept"/>
    <review_item_comment review_item_comment_id="318" resource_id="7" review_item_id="178" comment_type_id="7"
                         content="test_aggreationreviewtext01" sort="6" extra_info="Accept"/>
    <review_item_comment review_item_comment_id="319" resource_id="6" review_item_id="179" comment_type_id="7"
                         content="test_aggreationreviewtext01" sort="5" extra_info="Accept"/>
    <review_item_comment review_item_comment_id="320" resource_id="7" review_item_id="179" comment_type_id="7"
                         content="test_aggreationreviewtext01" sort="6" extra_info="Accept"/>
    <review_item_comment review_item_comment_id="321" resource_id="6" review_item_id="180" comment_type_id="7"
                         content="test_aggreationreviewtext01" sort="5" extra_info="Accept"/>
    <review_item_comment review_item_comment_id="322" resource_id="7" review_item_id="180" comment_type_id="7"
                         content="test_aggreationreviewtext01" sort="6" extra_info="Accept"/>
    <review_item_comment review_item_comment_id="323" resource_id="6" review_item_id="181" comment_type_id="7"
                         content="test_aggreationreviewtext01" sort="5" extra_info="Accept"/>
    <review_item_comment review_item_comment_id="324" resource_id="7" review_item_id="181" comment_type_id="7"
                         content="test_aggreationreviewtext01" sort="6" extra_info="Accept"/>
    <review_item_comment review_item_comment_id="325" resource_id="6" review_item_id="182" comment_type_id="7"
                         content="test_aggreationreviewtext01" sort="5" extra_info="Accept"/>
    <review_item_comment review_item_comment_id="326" resource_id="7" review_item_id="182" comment_type_id="7"
                         content="test_aggreationreviewtext01" sort="6" extra_info="Accept"/>
    <!-- Ajax Timed Survey, Aggregation Review, Comments from 3rd Reviewer Reviewed by 2nd and 3rd Reviewers -->
    <review_item_comment review_item_comment_id="327" resource_id="6" review_item_id="169" comment_type_id="7"
                         content="test_aggreationreviewtext01" sort="8" extra_info="Accept"/>
    <review_item_comment review_item_comment_id="328" resource_id="7" review_item_id="169" comment_type_id="7"
                         content="test_aggreationreviewtext01" sort="9" extra_info="Accept"/>
    <review_item_comment review_item_comment_id="329" resource_id="6" review_item_id="170" comment_type_id="7"
                         content="test_aggreationreviewtext01" sort="8" extra_info="Accept"/>
    <review_item_comment review_item_comment_id="330" resource_id="7" review_item_id="170" comment_type_id="7"
                         content="test_aggreationreviewtext01" sort="9" extra_info="Accept"/>
    <review_item_comment review_item_comment_id="331" resource_id="6" review_item_id="171" comment_type_id="7"
                         content="test_aggreationreviewtext01" sort="8" extra_info="Accept"/>
    <review_item_comment review_item_comment_id="332" resource_id="7" review_item_id="171" comment_type_id="7"
                         content="test_aggreationreviewtext01" sort="9" extra_info="Accept"/>
    <review_item_comment review_item_comment_id="333" resource_id="6" review_item_id="172" comment_type_id="7"
                         content="test_aggreationreviewtext01" sort="8" extra_info="Accept"/>
    <review_item_comment review_item_comment_id="334" resource_id="7" review_item_id="172" comment_type_id="7"
                         content="test_aggreationreviewtext01" sort="9" extra_info="Accept"/>
    <review_item_comment review_item_comment_id="335" resource_id="6" review_item_id="173" comment_type_id="7"
                         content="test_aggreationreviewtext01" sort="8" extra_info="Accept"/>
    <review_item_comment review_item_comment_id="336" resource_id="7" review_item_id="173" comment_type_id="7"
                         content="test_aggreationreviewtext01" sort="9" extra_info="Accept"/>
    <review_item_comment review_item_comment_id="337" resource_id="6" review_item_id="174" comment_type_id="7"
                         content="test_aggreationreviewtext01" sort="8" extra_info="Accept"/>
    <review_item_comment review_item_comment_id="338" resource_id="7" review_item_id="174" comment_type_id="7"
                         content="test_aggreationreviewtext01" sort="9" extra_info="Accept"/>
    <review_item_comment review_item_comment_id="339" resource_id="6" review_item_id="175" comment_type_id="7"
                         content="test_aggreationreviewtext01" sort="8" extra_info="Accept"/>
    <review_item_comment review_item_comment_id="340" resource_id="7" review_item_id="175" comment_type_id="7"
                         content="test_aggreationreviewtext01" sort="9" extra_info="Accept"/>
    <review_item_comment review_item_comment_id="341" resource_id="6" review_item_id="176" comment_type_id="7"
                         content="test_aggreationreviewtext01" sort="8" extra_info="Accept"/>
    <review_item_comment review_item_comment_id="342" resource_id="7" review_item_id="176" comment_type_id="7"
                         content="test_aggreationreviewtext01" sort="9" extra_info="Accept"/>
    <review_item_comment review_item_comment_id="343" resource_id="6" review_item_id="177" comment_type_id="7"
                         content="test_aggreationreviewtext01" sort="8" extra_info="Accept"/>
    <review_item_comment review_item_comment_id="344" resource_id="7" review_item_id="177" comment_type_id="7"
                         content="test_aggreationreviewtext01" sort="9" extra_info="Accept"/>
    <review_item_comment review_item_comment_id="345" resource_id="6" review_item_id="178" comment_type_id="7"
                         content="test_aggreationreviewtext01" sort="8" extra_info="Accept"/>
    <review_item_comment review_item_comment_id="346" resource_id="7" review_item_id="178" comment_type_id="7"
                         content="test_aggreationreviewtext01" sort="9" extra_info="Accept"/>
    <review_item_comment review_item_comment_id="347" resource_id="6" review_item_id="179" comment_type_id="7"
                         content="test_aggreationreviewtext01" sort="8" extra_info="Accept"/>
    <review_item_comment review_item_comment_id="348" resource_id="7" review_item_id="179" comment_type_id="7"
                         content="test_aggreationreviewtext01" sort="9" extra_info="Accept"/>
    <review_item_comment review_item_comment_id="349" resource_id="6" review_item_id="180" comment_type_id="7"
                         content="test_aggreationreviewtext01" sort="8" extra_info="Accept"/>
    <review_item_comment review_item_comment_id="350" resource_id="7" review_item_id="180" comment_type_id="7"
                         content="test_aggreationreviewtext01" sort="9" extra_info="Accept"/>
    <review_item_comment review_item_comment_id="351" resource_id="6" review_item_id="181" comment_type_id="7"
                         content="test_aggreationreviewtext01" sort="8" extra_info="Accept"/>
    <review_item_comment review_item_comment_id="352" resource_id="7" review_item_id="181" comment_type_id="7"
                         content="test_aggreationreviewtext01" sort="9" extra_info="Accept"/>
    <review_item_comment review_item_comment_id="353" resource_id="6" review_item_id="182" comment_type_id="7"
                         content="test_aggreationreviewtext01" sort="8" extra_info="Accept"/>
    <review_item_comment review_item_comment_id="354" resource_id="7" review_item_id="182" comment_type_id="7"
                         content="test_aggreationreviewtext01" sort="9" extra_info="Accept"/>
</dataset>
