<?xml version='1.0' encoding='UTF-8'?>
<dataset>
    <!-- *** review_item_comment *** -->
    <!-- 1st submitter, 1st reviewer -->
    <review_item_comment resource_id="1" review_item_id="43" comment_type_id="4" content="test_sampleappealtext01"/>
    <review_item_comment resource_id="1" review_item_id="44" comment_type_id="4" content="test_sampleappealtext01"/>
    <review_item_comment resource_id="1" review_item_id="45" comment_type_id="4" content="test_sampleappealtext01"/>
    <review_item_comment resource_id="1" review_item_id="46" comment_type_id="4" content="test_sampleappealtext01"/>
    <review_item_comment resource_id="1" review_item_id="47" comment_type_id="4" content="test_sampleappealtext01"/>
    <review_item_comment resource_id="1" review_item_id="48" comment_type_id="4" content="test_sampleappealtext01"/>
    <review_item_comment resource_id="1" review_item_id="49" comment_type_id="4" content="test_sampleappealtext01"/>
    <review_item_comment resource_id="1" review_item_id="50" comment_type_id="4" content="test_sampleappealtext01"/>
    <review_item_comment resource_id="1" review_item_id="51" comment_type_id="4" content="test_sampleappealtext01"/>
    <review_item_comment resource_id="1" review_item_id="52" comment_type_id="4" content="test_sampleappealtext01"/>
    <review_item_comment resource_id="1" review_item_id="53" comment_type_id="4" content="test_sampleappealtext01"/>
    <review_item_comment resource_id="1" review_item_id="54" comment_type_id="4" content="test_sampleappealtext01"/>
    <review_item_comment resource_id="1" review_item_id="55" comment_type_id="4" content="test_sampleappealtext01"/>
    <review_item_comment resource_id="1" review_item_id="56" comment_type_id="4" content="test_sampleappealtext01"/>
    <!-- 2nd submitter, 1st reviewer -->
    <review_item_comment resource_id="2" review_item_id="57" comment_type_id="4" content="test_sampleappealtext01"/>
    <review_item_comment resource_id="2" review_item_id="58" comment_type_id="4" content="test_sampleappealtext01"/>
    <review_item_comment resource_id="2" review_item_id="59" comment_type_id="4" content="test_sampleappealtext01"/>
    <review_item_comment resource_id="2" review_item_id="60" comment_type_id="4" content="test_sampleappealtext01"/>
    <review_item_comment resource_id="2" review_item_id="61" comment_type_id="4" content="test_sampleappealtext01"/>
    <review_item_comment resource_id="2" review_item_id="62" comment_type_id="4" content="test_sampleappealtext01"/>
    <review_item_comment resource_id="2" review_item_id="63" comment_type_id="4" content="test_sampleappealtext01"/>
    <review_item_comment resource_id="2" review_item_id="64" comment_type_id="4" content="test_sampleappealtext01"/>
    <review_item_comment resource_id="2" review_item_id="65" comment_type_id="4" content="test_sampleappealtext01"/>
    <review_item_comment resource_id="2" review_item_id="66" comment_type_id="4" content="test_sampleappealtext01"/>
    <review_item_comment resource_id="2" review_item_id="67" comment_type_id="4" content="test_sampleappealtext01"/>
    <review_item_comment resource_id="2" review_item_id="68" comment_type_id="4" content="test_sampleappealtext01"/>
    <review_item_comment resource_id="2" review_item_id="69" comment_type_id="4" content="test_sampleappealtext01"/>
    <review_item_comment resource_id="2" review_item_id="70" comment_type_id="4" content="test_sampleappealtext01"/>
    <!-- 3rd submitter, 1st reviewer -->
    <review_item_comment resource_id="3" review_item_id="71" comment_type_id="4" content="test_sampleappealtext01"/>
    <review_item_comment resource_id="3" review_item_id="72" comment_type_id="4" content="test_sampleappealtext01"/>
    <review_item_comment resource_id="3" review_item_id="73" comment_type_id="4" content="test_sampleappealtext01"/>
    <review_item_comment resource_id="3" review_item_id="74" comment_type_id="4" content="test_sampleappealtext01"/>
    <review_item_comment resource_id="3" review_item_id="75" comment_type_id="4" content="test_sampleappealtext01"/>
    <review_item_comment resource_id="3" review_item_id="76" comment_type_id="4" content="test_sampleappealtext01"/>
    <review_item_comment resource_id="3" review_item_id="77" comment_type_id="4" content="test_sampleappealtext01"/>
    <review_item_comment resource_id="3" review_item_id="78" comment_type_id="4" content="test_sampleappealtext01"/>
    <review_item_comment resource_id="3" review_item_id="79" comment_type_id="4" content="test_sampleappealtext01"/>
    <review_item_comment resource_id="3" review_item_id="80" comment_type_id="4" content="test_sampleappealtext01"/>
    <review_item_comment resource_id="3" review_item_id="81" comment_type_id="4" content="test_sampleappealtext01"/>
    <review_item_comment resource_id="3" review_item_id="82" comment_type_id="4" content="test_sampleappealtext01"/>
    <review_item_comment resource_id="3" review_item_id="83" comment_type_id="4" content="test_sampleappealtext01"/>
    <review_item_comment resource_id="3" review_item_id="84" comment_type_id="4" content="test_sampleappealtext01"/>

    <!-- 1st submitter, 2nd reviewer -->
    <review_item_comment resource_id="1" review_item_id="85" comment_type_id="4" content="test_sampleappealtext01"/>
    <review_item_comment resource_id="1" review_item_id="86" comment_type_id="4" content="test_sampleappealtext01"/>
    <review_item_comment resource_id="1" review_item_id="87" comment_type_id="4" content="test_sampleappealtext01"/>
    <review_item_comment resource_id="1" review_item_id="88" comment_type_id="4" content="test_sampleappealtext01"/>
    <review_item_comment resource_id="1" review_item_id="89" comment_type_id="4" content="test_sampleappealtext01"/>
    <review_item_comment resource_id="1" review_item_id="90" comment_type_id="4" content="test_sampleappealtext01"/>
    <review_item_comment resource_id="1" review_item_id="91" comment_type_id="4" content="test_sampleappealtext01"/>
    <review_item_comment resource_id="1" review_item_id="92" comment_type_id="4" content="test_sampleappealtext01"/>
    <review_item_comment resource_id="1" review_item_id="93" comment_type_id="4" content="test_sampleappealtext01"/>
    <review_item_comment resource_id="1" review_item_id="94" comment_type_id="4" content="test_sampleappealtext01"/>
    <review_item_comment resource_id="1" review_item_id="95" comment_type_id="4" content="test_sampleappealtext01"/>
    <review_item_comment resource_id="1" review_item_id="96" comment_type_id="4" content="test_sampleappealtext01"/>
    <review_item_comment resource_id="1" review_item_id="97" comment_type_id="4" content="test_sampleappealtext01"/>
    <review_item_comment resource_id="1" review_item_id="98" comment_type_id="4" content="test_sampleappealtext01"/>
    <!-- 2nd submitter, 2nd reviewer -->
    <review_item_comment resource_id="2" review_item_id="99" comment_type_id="4" content="test_sampleappealtext01"/>
    <review_item_comment resource_id="2" review_item_id="100" comment_type_id="4" content="test_sampleappealtext01"/>
    <review_item_comment resource_id="2" review_item_id="101" comment_type_id="4" content="test_sampleappealtext01"/>
    <review_item_comment resource_id="2" review_item_id="102" comment_type_id="4" content="test_sampleappealtext01"/>
    <review_item_comment resource_id="2" review_item_id="103" comment_type_id="4" content="test_sampleappealtext01"/>
    <review_item_comment resource_id="2" review_item_id="104" comment_type_id="4" content="test_sampleappealtext01"/>
    <review_item_comment resource_id="2" review_item_id="105" comment_type_id="4" content="test_sampleappealtext01"/>
    <review_item_comment resource_id="2" review_item_id="106" comment_type_id="4" content="test_sampleappealtext01"/>
    <review_item_comment resource_id="2" review_item_id="107" comment_type_id="4" content="test_sampleappealtext01"/>
    <review_item_comment resource_id="2" review_item_id="108" comment_type_id="4" content="test_sampleappealtext01"/>
    <review_item_comment resource_id="2" review_item_id="109" comment_type_id="4" content="test_sampleappealtext01"/>
    <review_item_comment resource_id="2" review_item_id="110" comment_type_id="4" content="test_sampleappealtext01"/>
    <review_item_comment resource_id="2" review_item_id="111" comment_type_id="4" content="test_sampleappealtext01"/>
    <review_item_comment resource_id="2" review_item_id="112" comment_type_id="4" content="test_sampleappealtext01"/>
    <!-- 3rd submitter, 2nd reviewer -->
    <review_item_comment resource_id="3" review_item_id="113" comment_type_id="4" content="test_sampleappealtext01"/>
    <review_item_comment resource_id="3" review_item_id="114" comment_type_id="4" content="test_sampleappealtext01"/>
    <review_item_comment resource_id="3" review_item_id="115" comment_type_id="4" content="test_sampleappealtext01"/>
    <review_item_comment resource_id="3" review_item_id="116" comment_type_id="4" content="test_sampleappealtext01"/>
    <review_item_comment resource_id="3" review_item_id="117" comment_type_id="4" content="test_sampleappealtext01"/>
    <review_item_comment resource_id="3" review_item_id="118" comment_type_id="4" content="test_sampleappealtext01"/>
    <review_item_comment resource_id="3" review_item_id="119" comment_type_id="4" content="test_sampleappealtext01"/>
    <review_item_comment resource_id="3" review_item_id="120" comment_type_id="4" content="test_sampleappealtext01"/>
    <review_item_comment resource_id="3" review_item_id="121" comment_type_id="4" content="test_sampleappealtext01"/>
    <review_item_comment resource_id="3" review_item_id="122" comment_type_id="4" content="test_sampleappealtext01"/>
    <review_item_comment resource_id="3" review_item_id="123" comment_type_id="4" content="test_sampleappealtext01"/>
    <review_item_comment resource_id="3" review_item_id="124" comment_type_id="4" content="test_sampleappealtext01"/>
    <review_item_comment resource_id="3" review_item_id="125" comment_type_id="4" content="test_sampleappealtext01"/>
    <review_item_comment resource_id="3" review_item_id="126" comment_type_id="4" content="test_sampleappealtext01"/>

    <!-- 1st submitter, 3rd reviewer -->
    <review_item_comment resource_id="1" review_item_id="127" comment_type_id="4" content="test_sampleappealtext01"/>
    <review_item_comment resource_id="1" review_item_id="128" comment_type_id="4" content="test_sampleappealtext01"/>
    <review_item_comment resource_id="1" review_item_id="129" comment_type_id="4" content="test_sampleappealtext01"/>
    <review_item_comment resource_id="1" review_item_id="130" comment_type_id="4" content="test_sampleappealtext01"/>
    <review_item_comment resource_id="1" review_item_id="131" comment_type_id="4" content="test_sampleappealtext01"/>
    <review_item_comment resource_id="1" review_item_id="132" comment_type_id="4" content="test_sampleappealtext01"/>
    <review_item_comment resource_id="1" review_item_id="133" comment_type_id="4" content="test_sampleappealtext01"/>
    <review_item_comment resource_id="1" review_item_id="134" comment_type_id="4" content="test_sampleappealtext01"/>
    <review_item_comment resource_id="1" review_item_id="135" comment_type_id="4" content="test_sampleappealtext01"/>
    <review_item_comment resource_id="1" review_item_id="136" comment_type_id="4" content="test_sampleappealtext01"/>
    <review_item_comment resource_id="1" review_item_id="137" comment_type_id="4" content="test_sampleappealtext01"/>
    <review_item_comment resource_id="1" review_item_id="138" comment_type_id="4" content="test_sampleappealtext01"/>
    <review_item_comment resource_id="1" review_item_id="139" comment_type_id="4" content="test_sampleappealtext01"/>
    <review_item_comment resource_id="1" review_item_id="140" comment_type_id="4" content="test_sampleappealtext01"/>
    <!-- 2nd submitter, 3rd reviewer -->
    <review_item_comment resource_id="2" review_item_id="141" comment_type_id="4" content="test_sampleappealtext01"/>
    <review_item_comment resource_id="2" review_item_id="142" comment_type_id="4" content="test_sampleappealtext01"/>
    <review_item_comment resource_id="2" review_item_id="143" comment_type_id="4" content="test_sampleappealtext01"/>
    <review_item_comment resource_id="2" review_item_id="144" comment_type_id="4" content="test_sampleappealtext01"/>
    <review_item_comment resource_id="2" review_item_id="145" comment_type_id="4" content="test_sampleappealtext01"/>
    <review_item_comment resource_id="2" review_item_id="146" comment_type_id="4" content="test_sampleappealtext01"/>
    <review_item_comment resource_id="2" review_item_id="147" comment_type_id="4" content="test_sampleappealtext01"/>
    <review_item_comment resource_id="2" review_item_id="148" comment_type_id="4" content="test_sampleappealtext01"/>
    <review_item_comment resource_id="2" review_item_id="149" comment_type_id="4" content="test_sampleappealtext01"/>
    <review_item_comment resource_id="2" review_item_id="150" comment_type_id="4" content="test_sampleappealtext01"/>
    <review_item_comment resource_id="2" review_item_id="151" comment_type_id="4" content="test_sampleappealtext01"/>
    <review_item_comment resource_id="2" review_item_id="152" comment_type_id="4" content="test_sampleappealtext01"/>
    <review_item_comment resource_id="2" review_item_id="153" comment_type_id="4" content="test_sampleappealtext01"/>
    <review_item_comment resource_id="2" review_item_id="154" comment_type_id="4" content="test_sampleappealtext01"/>
    <!-- 3rd submitter, 3rd reviewer -->
    <review_item_comment resource_id="3" review_item_id="155" comment_type_id="4" content="test_sampleappealtext01"/>
    <review_item_comment resource_id="3" review_item_id="156" comment_type_id="4" content="test_sampleappealtext01"/>
    <review_item_comment resource_id="3" review_item_id="157" comment_type_id="4" content="test_sampleappealtext01"/>
    <review_item_comment resource_id="3" review_item_id="158" comment_type_id="4" content="test_sampleappealtext01"/>
    <review_item_comment resource_id="3" review_item_id="159" comment_type_id="4" content="test_sampleappealtext01"/>
    <review_item_comment resource_id="3" review_item_id="160" comment_type_id="4" content="test_sampleappealtext01"/>
    <review_item_comment resource_id="3" review_item_id="161" comment_type_id="4" content="test_sampleappealtext01"/>
    <review_item_comment resource_id="3" review_item_id="162" comment_type_id="4" content="test_sampleappealtext01"/>
    <review_item_comment resource_id="3" review_item_id="163" comment_type_id="4" content="test_sampleappealtext01"/>
    <review_item_comment resource_id="3" review_item_id="164" comment_type_id="4" content="test_sampleappealtext01"/>
    <review_item_comment resource_id="3" review_item_id="165" comment_type_id="4" content="test_sampleappealtext01"/>
    <review_item_comment resource_id="3" review_item_id="166" comment_type_id="4" content="test_sampleappealtext01"/>
    <review_item_comment resource_id="3" review_item_id="167" comment_type_id="4" content="test_sampleappealtext01"/>
    <review_item_comment resource_id="3" review_item_id="168" comment_type_id="4" content="test_sampleappealtext01"/>
</dataset>
