<?xml version='1.0' encoding='UTF-8'?>
<dataset>
    <!-- *** review_comment *** -->
    <!-- Overall Final Review Comment, Accept Final Review -->
    <review_comment review_comment_id="4" resource_id="18" review_id="14" comment_type_id="10"
                    content="Approved by Final Reviewer" extra_info="Approved" sort="1"
                    create_user="System" create_date="2006-07-29 02:45:11.0"
                    modify_user="System" modify_date="2006-07-29 02:45:11.0"/>

    <!-- Ajax Timed Survey, Manager, Comments collected from 1st Reviewer -->
    <review_item_comment resource_id="18" review_item_id="169" comment_type_id="11"
                         content="test_managercomment01" sort="1" extra_info="Fixed"/>
    <review_item_comment resource_id="18" review_item_id="170" comment_type_id="11"
                         content="test_managercomment01" sort="1" extra_info="Fixed"/>
    <review_item_comment resource_id="18" review_item_id="171" comment_type_id="11"
                         content="test_managercomment01" sort="1" extra_info="Fixed"/>
    <review_item_comment resource_id="18" review_item_id="172" comment_type_id="11"
                         content="test_managercomment01" sort="1" extra_info="Fixed"/>
    <review_item_comment resource_id="18" review_item_id="173" comment_type_id="11"
                         content="test_managercomment01" sort="1" extra_info="Fixed"/>
    <review_item_comment resource_id="18" review_item_id="174" comment_type_id="11"
                         content="test_managercomment01" sort="1" extra_info="Fixed"/>
    <review_item_comment resource_id="18" review_item_id="175" comment_type_id="11"
                         content="test_managercomment01" sort="1" extra_info="Fixed"/>
    <review_item_comment resource_id="18" review_item_id="176" comment_type_id="11"
                         content="test_managercomment01" sort="1" extra_info="Fixed"/>
    <review_item_comment resource_id="18" review_item_id="177" comment_type_id="11"
                         content="test_managercomment01" sort="1" extra_info="Fixed"/>
    <review_item_comment resource_id="18" review_item_id="178" comment_type_id="11"
                         content="test_managercomment01" sort="1" extra_info="Fixed"/>
    <review_item_comment resource_id="18" review_item_id="179" comment_type_id="11"
                         content="test_managercomment01" sort="1" extra_info="Fixed"/>
    <review_item_comment resource_id="18" review_item_id="180" comment_type_id="11"
                         content="test_managercomment01" sort="1" extra_info="Fixed"/>
    <review_item_comment resource_id="18" review_item_id="181" comment_type_id="11"
                         content="test_managercomment01" sort="1" extra_info="Fixed"/>
    <review_item_comment resource_id="18" review_item_id="182" comment_type_id="11"
                         content="test_managercomment01" sort="1" extra_info="Fixed"/>
    <!-- Ajax Timed Survey, Manager, Comments collected from 2nd Reviewer -->
    <review_item_comment resource_id="18" review_item_id="169" comment_type_id="11"
                         content="test_managercomment01" sort="2" extra_info="Fixed"/>
    <review_item_comment resource_id="18" review_item_id="170" comment_type_id="11"
                         content="test_managercomment01" sort="2" extra_info="Fixed"/>
    <review_item_comment resource_id="18" review_item_id="171" comment_type_id="11"
                         content="test_managercomment01" sort="2" extra_info="Fixed"/>
    <review_item_comment resource_id="18" review_item_id="172" comment_type_id="11"
                         content="test_managercomment01" sort="2" extra_info="Fixed"/>
    <review_item_comment resource_id="18" review_item_id="173" comment_type_id="11"
                         content="test_managercomment01" sort="2" extra_info="Fixed"/>
    <review_item_comment resource_id="18" review_item_id="174" comment_type_id="11"
                         content="test_managercomment01" sort="2" extra_info="Fixed"/>
    <review_item_comment resource_id="18" review_item_id="175" comment_type_id="11"
                         content="test_managercomment01" sort="2" extra_info="Fixed"/>
    <review_item_comment resource_id="18" review_item_id="176" comment_type_id="11"
                         content="test_managercomment01" sort="2" extra_info="Fixed"/>
    <review_item_comment resource_id="18" review_item_id="177" comment_type_id="11"
                         content="test_managercomment01" sort="2" extra_info="Fixed"/>
    <review_item_comment resource_id="18" review_item_id="178" comment_type_id="11"
                         content="test_managercomment01" sort="2" extra_info="Fixed"/>
    <review_item_comment resource_id="18" review_item_id="179" comment_type_id="11"
                         content="test_managercomment01" sort="2" extra_info="Fixed"/>
    <review_item_comment resource_id="18" review_item_id="180" comment_type_id="11"
                         content="test_managercomment01" sort="2" extra_info="Fixed"/>
    <review_item_comment resource_id="18" review_item_id="181" comment_type_id="11"
                         content="test_managercomment01" sort="2" extra_info="Fixed"/>
    <review_item_comment resource_id="18" review_item_id="182" comment_type_id="11"
                         content="test_managercomment01" sort="2" extra_info="Fixed"/>
    <!-- Ajax Timed Survey, Manager Final Review, Comments collected from 3rd Reviewer -->
    <review_item_comment resource_id="18" review_item_id="169" comment_type_id="11"
                         content="test_managercomment01" sort="3" extra_info="Fixed"/>
    <review_item_comment resource_id="18" review_item_id="170" comment_type_id="11"
                         content="test_managercomment01" sort="3" extra_info="Fixed"/>
    <review_item_comment resource_id="18" review_item_id="171" comment_type_id="11"
                         content="test_managercomment01" sort="3" extra_info="Fixed"/>
    <review_item_comment resource_id="18" review_item_id="172" comment_type_id="11"
                         content="test_managercomment01" sort="3" extra_info="Fixed"/>
    <review_item_comment resource_id="18" review_item_id="173" comment_type_id="11"
                         content="test_managercomment01" sort="3" extra_info="Fixed"/>
    <review_item_comment resource_id="18" review_item_id="174" comment_type_id="11"
                         content="test_managercomment01" sort="3" extra_info="Fixed"/>
    <review_item_comment resource_id="18" review_item_id="175" comment_type_id="11"
                         content="test_managercomment01" sort="3" extra_info="Fixed"/>
    <review_item_comment resource_id="18" review_item_id="176" comment_type_id="11"
                         content="test_managercomment01" sort="3" extra_info="Fixed"/>
    <review_item_comment resource_id="18" review_item_id="177" comment_type_id="11"
                         content="test_managercomment01" sort="3" extra_info="Fixed"/>
    <review_item_comment resource_id="18" review_item_id="178" comment_type_id="11"
                         content="test_managercomment01" sort="3" extra_info="Fixed"/>
    <review_item_comment resource_id="18" review_item_id="179" comment_type_id="11"
                         content="test_managercomment01" sort="3" extra_info="Fixed"/>
    <review_item_comment resource_id="18" review_item_id="180" comment_type_id="11"
                         content="test_managercomment01" sort="3" extra_info="Fixed"/>
    <review_item_comment resource_id="18" review_item_id="181" comment_type_id="11"
                         content="test_managercomment01" sort="3" extra_info="Fixed"/>
    <review_item_comment resource_id="18" review_item_id="182" comment_type_id="11"
                         content="test_managercomment01" sort="3" extra_info="Fixed"/>
</dataset>
