<?xml version='1.0' encoding='UTF-8'?>
<!-- FINISHED -->
<!--
    Assigns winning submitter to Final Fix phase;
    Adds overall Aggregation Review comments from remaining reviewers and winning submitter;
    Adds Aggregation Review comments from remaining reviewers;
    Adds uncommitted Final Review worksheet generated on-the-fly;
    Advances to Final Fix phase
-->

<dataset>

    <!-- *** review_comment *** -->
    <!-- Overall Aggregation Review Comment from Winning Submitter, Accept Aggegation -->
    <review_comment resource_id="1" review_id="13" comment_type_id="8" extra_info="Approved"/>

    <!-- *** review_item_comment *** -->
    <!-- Ajax Timed Survey, Winning Submitter Aggregation Review, Comments collected from 1st Reviewer -->
    <review_item_comment review_item_comment_id="355" resource_id="1" review_item_id="169" comment_type_id="8"/>
    <review_item_comment review_item_comment_id="356" resource_id="1" review_item_id="170" comment_type_id="8"/>
    <review_item_comment review_item_comment_id="357" resource_id="1" review_item_id="171" comment_type_id="8"/>
    <review_item_comment review_item_comment_id="358" resource_id="1" review_item_id="172" comment_type_id="8"/>
    <review_item_comment review_item_comment_id="359" resource_id="1" review_item_id="173" comment_type_id="8"/>
    <review_item_comment review_item_comment_id="360" resource_id="1" review_item_id="174" comment_type_id="8"/>
    <review_item_comment review_item_comment_id="361" resource_id="1" review_item_id="175" comment_type_id="8"/>
    <review_item_comment review_item_comment_id="362" resource_id="1" review_item_id="176" comment_type_id="8"/>
    <review_item_comment review_item_comment_id="363" resource_id="1" review_item_id="177" comment_type_id="8"/>
    <review_item_comment review_item_comment_id="364" resource_id="1" review_item_id="178" comment_type_id="8"/>
    <review_item_comment review_item_comment_id="365" resource_id="1" review_item_id="179" comment_type_id="8"/>
    <review_item_comment review_item_comment_id="366" resource_id="1" review_item_id="180" comment_type_id="8"/>
    <review_item_comment review_item_comment_id="367" resource_id="1" review_item_id="181" comment_type_id="8"/>
    <review_item_comment review_item_comment_id="368" resource_id="1" review_item_id="182" comment_type_id="8"/>
    <!-- Ajax Timed Survey, Winning Submitter Aggregation Review, Comments collected from 2nd Reviewer -->
    <review_item_comment review_item_comment_id="369" resource_id="1" review_item_id="169" comment_type_id="8"/>
    <review_item_comment review_item_comment_id="370" resource_id="1" review_item_id="170" comment_type_id="8"/>
    <review_item_comment review_item_comment_id="371" resource_id="1" review_item_id="171" comment_type_id="8"/>
    <review_item_comment review_item_comment_id="372" resource_id="1" review_item_id="172" comment_type_id="8"/>
    <review_item_comment review_item_comment_id="373" resource_id="1" review_item_id="173" comment_type_id="8"/>
    <review_item_comment review_item_comment_id="374" resource_id="1" review_item_id="174" comment_type_id="8"/>
    <review_item_comment review_item_comment_id="375" resource_id="1" review_item_id="175" comment_type_id="8"/>
    <review_item_comment review_item_comment_id="376" resource_id="1" review_item_id="176" comment_type_id="8"/>
    <review_item_comment review_item_comment_id="377" resource_id="1" review_item_id="177" comment_type_id="8"/>
    <review_item_comment review_item_comment_id="378" resource_id="1" review_item_id="178" comment_type_id="8"/>
    <review_item_comment review_item_comment_id="379" resource_id="1" review_item_id="179" comment_type_id="8"/>
    <review_item_comment review_item_comment_id="380" resource_id="1" review_item_id="180" comment_type_id="8"/>
    <review_item_comment review_item_comment_id="381" resource_id="1" review_item_id="181" comment_type_id="8"/>
    <review_item_comment review_item_comment_id="382" resource_id="1" review_item_id="182" comment_type_id="8"/>
    <!-- Ajax Timed Survey, Winning Submitter Aggregation Final Review, Comments collected from 3rd Reviewer -->
    <review_item_comment review_item_comment_id="383" resource_id="1" review_item_id="169" comment_type_id="8"/>
    <review_item_comment review_item_comment_id="384" resource_id="1" review_item_id="170" comment_type_id="8"/>
    <review_item_comment review_item_comment_id="385" resource_id="1" review_item_id="171" comment_type_id="8"/>
    <review_item_comment review_item_comment_id="386" resource_id="1" review_item_id="172" comment_type_id="8"/>
    <review_item_comment review_item_comment_id="387" resource_id="1" review_item_id="173" comment_type_id="8"/>
    <review_item_comment review_item_comment_id="388" resource_id="1" review_item_id="174" comment_type_id="8"/>
    <review_item_comment review_item_comment_id="389" resource_id="1" review_item_id="175" comment_type_id="8"/>
    <review_item_comment review_item_comment_id="390" resource_id="1" review_item_id="176" comment_type_id="8"/>
    <review_item_comment review_item_comment_id="391" resource_id="1" review_item_id="177" comment_type_id="8"/>
    <review_item_comment review_item_comment_id="392" resource_id="1" review_item_id="178" comment_type_id="8"/>
    <review_item_comment review_item_comment_id="393" resource_id="1" review_item_id="179" comment_type_id="8"/>
    <review_item_comment review_item_comment_id="394" resource_id="1" review_item_id="180" comment_type_id="8"/>
    <review_item_comment review_item_comment_id="395" resource_id="1" review_item_id="181" comment_type_id="8"/>
    <review_item_comment review_item_comment_id="396" resource_id="1" review_item_id="182" comment_type_id="8"/>
</dataset>
